// Jest Snapshot v1, https://goo.gl/fbAQLP

exports[`Matches Snapshot 1`] = `
<section>
  <h2
    className="heading"
  >
    Quote of the Day
  </h2>
  <p
    className="paragraph"
  >
    Mathematics is not about numbers, equations, computations, or algorithms: It is about understanding. -- William Paul Thurston
  </p>
</section>
`;
